Flow report for cyclone2_lcd_ml_hw
Tue Oct 06 09:30:17 2026
Quartus II 64-Bit Version 13.0.1 Build 232 06/12/2013 Service Pack 1 SJ Web Edition


---------------------
; Table of Contents ;
---------------------
  1. Legal Notice
  2. Flow Summary
  3. Flow Settings
  4. Flow Non-Default Global Settings
  5. Flow Elapsed Time
  6. Flow OS Summary
  7. Flow Log
  8. Flow Messages
  9. Flow Suppressed Messages



----------------
; Legal Notice ;
----------------
Copyright (C) 1991-2013 Altera Corporation
Your use of Altera Corporation's design tools, logic functions 
and other software and tools, and its AMPP partner logic 
functions, and any output files from any of the foregoing 
(including device programming or simulation files), and any 
associated documentation or information are expressly subject 
to the terms and conditions of the Altera Program License 
Subscription Agreement, Altera MegaCore Function License 
Agreement, or other applicable license agreement, including, 
without limitation, that your use is for the sole purpose of 
programming logic devices manufactured by Altera and sold by 
Altera or its authorized distributors.  Please refer to the 
applicable agreement for further details.



+--------------------------------------------------------------------------------------+
; Flow Summary                                                                         ;
+------------------------------------+-------------------------------------------------+
; Flow Status                        ; Successful - Tue Oct 06 09:30:14 2026           ;
; Quartus II 64-Bit Version          ; 13.0.1 Build 232 06/12/2013 SP 1 SJ Web Edition ;
; Revision Name                      ; cyclone2_lcd_ml_hw                              ;
; Top-level Entity Name              ; cyclone2_lcd_ml_hw                              ;
; Family                             ; Cyclone II                                      ;
; Device                             ; EP2C5T144C8                                     ;
; Timing Models                      ; Final                                           ;
; Total logic elements               ; 2,275 / 4,608 ( 49 % )                          ;
;     Total combinational functions  ; 2,145 / 4,608 ( 47 % )                          ;
;     Dedicated logic registers      ; 1,071 / 4,608 ( 23 % )                          ;
; Total registers                    ; 1071                                            ;
; Total pins                         ; 38 / 89 ( 43 % )                                ;
; Total virtual pins                 ; 0                                               ;
; Total memory bits                  ; 55,888 / 119,808 ( 47 % )                       ;
; Embedded Multiplier 9-bit elements ; 5 / 26 ( 19 % )                                 ;
; Total PLLs                         ; 0 / 2 ( 0 % )                                   ;
+------------------------------------+-------------------------------------------------+


+-----------------------------------------+
; Flow Settings                           ;
+-------------------+---------------------+
; Option            ; Setting             ;
+-------------------+---------------------+
; Start date & time ; 10/06/2026 09:29:53 ;
; Main task         ; Compilation         ;
; Revision Name     ; cyclone2_lcd_ml_hw  ;
+-------------------+---------------------+


+------------------------------------------------------------------------------------------------------+
; Flow Non-Default Global Settings                                                                     ;
+--------------------------+--------------------------------+---------------+-------------+------------+
; Assignment Name          ; Value                          ; Default Value ; Entity Name ; Section Id ;
+--------------------------+--------------------------------+---------------+-------------+------------+
; COMPILER_SIGNATURE_ID    ; 53447173696452.179127179302020 ; --            ; --          ; --         ;
; NUM_PARALLEL_PROCESSORS  ; 2                              ; --            ; --          ; --         ;
; PROJECT_OUTPUT_DIRECTORY ; output_files_hw                ; --            ; --          ; --         ;
+--------------------------+--------------------------------+---------------+-------------+------------+


+-------------------------------------------------------------------------------------------------------------------------------+
; Flow Elapsed Time                                                                                                             ;
+---------------------------+--------------+-------------------------+---------------------+------------------------------------+
; Module Name               ; Elapsed Time ; Average Processors Used ; Peak Virtual Memory ; Total CPU Time (on all processors) ;
+---------------------------+--------------+-------------------------+---------------------+------------------------------------+
; Analysis & Synthesis      ; 00:00:10     ; 1.0                     ; 4618 MB             ; 00:00:09                           ;
; Fitter                    ; 00:00:07     ; 1.3                     ; 4936 MB             ; 00:00:08                           ;
; Assembler                 ; 00:00:01     ; 1.0                     ; 4561 MB             ; 00:00:01                           ;
; TimeQuest Timing Analyzer ; 00:00:02     ; 1.0                     ; 4593 MB             ; 00:00:02                           ;
; Total                     ; 00:00:20     ; --                      ; --                  ; 00:00:20                           ;
+---------------------------+--------------+-------------------------+---------------------+------------------------------------+


+----------------------------------------------------------------------------------------+
; Flow OS Summary                                                                        ;
+---------------------------+------------------+-----------+------------+----------------+
; Module Name               ; Machine Hostname ; OS Name   ; OS Version ; Processor type ;
+---------------------------+------------------+-----------+------------+----------------+
; Analysis & Synthesis      ; TF-DK            ; Windows 7 ; 6.2        ; x86_64         ;
; Fitter                    ; TF-DK            ; Windows 7 ; 6.2        ; x86_64         ;
; Assembler                 ; TF-DK            ; Windows 7 ; 6.2        ; x86_64         ;
; TimeQuest Timing Analyzer ; TF-DK            ; Windows 7 ; 6.2        ; x86_64         ;
+---------------------------+------------------+-----------+------------+----------------+


------------
; Flow Log ;
------------
quartus_map --read_settings_files=on --write_settings_files=off cyclone2_lcd_ml_hw -c cyclone2_lcd_ml_hw
quartus_fit --read_settings_files=off --write_settings_files=off cyclone2_lcd_ml_hw -c cyclone2_lcd_ml_hw
quartus_asm --read_settings_files=off --write_settings_files=off cyclone2_lcd_ml_hw -c cyclone2_lcd_ml_hw
quartus_sta cyclone2_lcd_ml_hw -c cyclone2_lcd_ml_hw



