------------------------------------------------------------
TimeQuest Timing Analyzer Summary
------------------------------------------------------------

Type  : Slow Model Setup 'clk50'
Slack : 18.488
TNS   : 0.000

Type  : Slow Model Setup 'proc_clk'
Slack : 171.446
TNS   : 0.000

Type  : Slow Model Hold 'clk50'
Slack : 0.499
TNS   : 0.000

Type  : Slow Model Hold 'proc_clk'
Slack : 0.499
TNS   : 0.000

Type  : Slow Model Recovery 'proc_clk'
Slack : 190.217
TNS   : 0.000

Type  : Slow Model Removal 'proc_clk'
Slack : 9.055
TNS   : 0.000

Type  : Slow Model Minimum Pulse Width 'clk50'
Slack : 8.758
TNS   : 0.000

Type  : Slow Model Minimum Pulse Width 'proc_clk'
Slack : 96.933
TNS   : 0.000

Type  : Fast Model Setup 'clk50'
Slack : 19.498
TNS   : 0.000

Type  : Fast Model Setup 'proc_clk'
Slack : 191.142
TNS   : 0.000

Type  : Fast Model Hold 'clk50'
Slack : 0.215
TNS   : 0.000

Type  : Fast Model Hold 'proc_clk'
Slack : 0.215
TNS   : 0.000

Type  : Fast Model Recovery 'proc_clk'
Slack : 196.323
TNS   : 0.000

Type  : Fast Model Removal 'proc_clk'
Slack : 3.405
TNS   : 0.000

Type  : Fast Model Minimum Pulse Width 'clk50'
Slack : 9.000
TNS   : 0.000

Type  : Fast Model Minimum Pulse Width 'proc_clk'
Slack : 97.873
TNS   : 0.000

------------------------------------------------------------
