------------------------------------------------------------
TimeQuest Timing Analyzer Summary
------------------------------------------------------------

Type  : Slow Model Setup 'clk50'
Slack : 18.487
TNS   : 0.000

Type  : Slow Model Setup 'proc_clk'
Slack : 173.075
TNS   : 0.000

Type  : Slow Model Hold 'clk50'
Slack : 0.499
TNS   : 0.000

Type  : Slow Model Hold 'proc_clk'
Slack : 0.499
TNS   : 0.000

Type  : Slow Model Recovery 'proc_clk'
Slack : 195.083
TNS   : 0.000

Type  : Slow Model Removal 'proc_clk'
Slack : 3.686
TNS   : 0.000

Type  : Slow Model Minimum Pulse Width 'clk50'
Slack : 8.758
TNS   : 0.000

Type  : Slow Model Minimum Pulse Width 'proc_clk'
Slack : 96.933
TNS   : 0.000

Type  : Fast Model Setup 'clk50'
Slack : 19.497
TNS   : 0.000

Type  : Fast Model Setup 'proc_clk'
Slack : 191.982
TNS   : 0.000

Type  : Fast Model Hold 'clk50'
Slack : 0.215
TNS   : 0.000

Type  : Fast Model Hold 'proc_clk'
Slack : 0.215
TNS   : 0.000

Type  : Fast Model Recovery 'proc_clk'
Slack : 198.255
TNS   : 0.000

Type  : Fast Model Removal 'proc_clk'
Slack : 1.299
TNS   : 0.000

Type  : Fast Model Minimum Pulse Width 'clk50'
Slack : 9.000
TNS   : 0.000

Type  : Fast Model Minimum Pulse Width 'proc_clk'
Slack : 97.873
TNS   : 0.000

------------------------------------------------------------
